
> terangazone@0.1.0 build
> next build

▲ Next.js 16.4.0 (Turbopack)
- Environments: .env.local
✓ Running next.config.ts took 147ms
- Experiments (use with caution):
  · serverActions

  Creating an optimized production build ...
✓ Compiled successfully in 12.8s
  Running TypeScript ...
  Finished TypeScript in 17.4s ...
  Collecting page data using 7 workers ...
  Generating static pages using 7 workers (0/19) ...
  Generating static pages using 7 workers (4/19)
  Generating static pages using 7 workers (9/19)
  Generating static pages using 7 workers (14/19)
✓ Generating static pages using 7 workers (19/19) in 1528ms
  Finalizing page optimization ...

Route (app)
┌ ƒ /
├ ○ /_not-found
├ ƒ /admin
├ ƒ /admin/categories
├ ƒ /admin/clients
├ ƒ /admin/commandes
├ ƒ /admin/parametres
├ ƒ /admin/promotions
├ ƒ /admin/services
├ ƒ /api/catalogue/revision
├ ƒ /api/test-image/[filename]
├ ƒ /auth/callback
├ ƒ /boutique
├ ƒ /commande
├ ○ /connexion-admin
├ ○ /mot-de-passe-oublie
├ ƒ /paiement
├ ○ /reinitialiser-mot-de-passe
└ ƒ /services/[slug]


ƒ Proxy (Middleware)

○  (Static)   prerendered as static content
ƒ  (Dynamic)  server-rendered on demand
