
> terangazone@0.1.0 build
> next build

▲ Next.js 16.4.0 (Turbopack)
- Environments: .env.local
✓ Running next.config.ts took 103ms
- Experiments (use with caution):
  · serverActions

  Creating an optimized production build ...
✓ Compiled successfully in 4.8s
  Running TypeScript ...
  Finished TypeScript in 9.6s ...
  Collecting page data using 7 workers ...
  Generating static pages using 7 workers (0/16) ...
  Generating static pages using 7 workers (4/16)
  Generating static pages using 7 workers (8/16)
  Generating static pages using 7 workers (12/16)
✓ Generating static pages using 7 workers (16/16) in 1539ms
  Finalizing page optimization ...

Route (app)
┌ ƒ /
├ ○ /_not-found
├ ƒ /admin
├ ƒ /admin/categories
├ ƒ /admin/clients
├ ƒ /admin/commandes
├ ƒ /admin/parametres
├ ƒ /admin/promotions
├ ƒ /admin/services
├ ƒ /api/catalogue/revision
├ ƒ /api/test-image/[filename]
├ ƒ /boutique
├ ƒ /commande
├ ○ /connexion-admin
├ ƒ /paiement
└ ƒ /services/[slug]


ƒ Proxy (Middleware)

○  (Static)   prerendered as static content
ƒ  (Dynamic)  server-rendered on demand
